[2023-09-29T13:41:55.006-0400][gc,heap] Heap region size: 1M
[2023-09-29T13:41:55.013-0400][gc     ] Using G1
[2023-09-29T13:41:55.013-0400][gc,heap,coops] Heap address: 0x00000000c0000000, size: 1024 MB, Compressed Oops mode: 32-bit
[2023-09-29T13:41:55.013-0400][gc,cds       ] Mark closed archive regions in map: [0x00000000fff00000, 0x00000000fff6bff8]
[2023-09-29T13:41:55.013-0400][gc,cds       ] Mark open archive regions in map: [0x00000000ffe00000, 0x00000000ffe47ff8]
[2023-09-29T13:41:57.791-0400][gc,start     ] GC(0) Pause Young (Normal) (G1 Evacuation Pause)
[2023-09-29T13:41:57.792-0400][gc,task      ] GC(0) Using 8 workers of 8 for evacuation
[2023-09-29T13:41:57.806-0400][gc,phases    ] GC(0)   Pre Evacuate Collection Set: 0,0ms
[2023-09-29T13:41:57.806-0400][gc,phases    ] GC(0)   Evacuate Collection Set: 13,6ms
[2023-09-29T13:41:57.806-0400][gc,phases    ] GC(0)   Post Evacuate Collection Set: 0,5ms
[2023-09-29T13:41:57.806-0400][gc,phases    ] GC(0)   Other: 1,0ms
[2023-09-29T13:41:57.806-0400][gc,heap      ] GC(0) Eden regions: 51->0(44)
[2023-09-29T13:41:57.806-0400][gc,heap      ] GC(0) Survivor regions: 0->7(7)
[2023-09-29T13:41:57.806-0400][gc,heap      ] GC(0) Old regions: 2->2
[2023-09-29T13:41:57.806-0400][gc,heap      ] GC(0) Humongous regions: 0->0
[2023-09-29T13:41:57.806-0400][gc,metaspace ] GC(0) Metaspace: 15899K(16768K)->15899K(16768K) NonClass: 13739K(14336K)->13739K(14336K) Class: 2159K(2432K)->2159K(2432K)
[2023-09-29T13:41:57.806-0400][gc           ] GC(0) Pause Young (Normal) (G1 Evacuation Pause) 51M->7M(1024M) 15,149ms
[2023-09-29T13:41:57.806-0400][gc,cpu       ] GC(0) User=0,10s Sys=0,01s Real=0,01s
[2023-09-29T13:41:58.618-0400][gc,start     ] GC(1) Pause Young (Concurrent Start) (Metadata GC Threshold)
[2023-09-29T13:41:58.618-0400][gc,task      ] GC(1) Using 8 workers of 8 for evacuation
[2023-09-29T13:41:58.633-0400][gc,phases    ] GC(1)   Pre Evacuate Collection Set: 0,1ms
[2023-09-29T13:41:58.633-0400][gc,phases    ] GC(1)   Evacuate Collection Set: 13,6ms
[2023-09-29T13:41:58.633-0400][gc,phases    ] GC(1)   Post Evacuate Collection Set: 0,4ms
[2023-09-29T13:41:58.633-0400][gc,phases    ] GC(1)   Other: 0,4ms
[2023-09-29T13:41:58.633-0400][gc,heap      ] GC(1) Eden regions: 19->0(50)
[2023-09-29T13:41:58.633-0400][gc,heap      ] GC(1) Survivor regions: 7->1(7)
[2023-09-29T13:41:58.633-0400][gc,heap      ] GC(1) Old regions: 2->9
[2023-09-29T13:41:58.633-0400][gc,heap      ] GC(1) Humongous regions: 0->0
[2023-09-29T13:41:58.633-0400][gc,metaspace ] GC(1) Metaspace: 20606K(21248K)->20606K(21248K) NonClass: 17792K(18176K)->17792K(18176K) Class: 2814K(3072K)->2814K(3072K)
[2023-09-29T13:41:58.633-0400][gc           ] GC(1) Pause Young (Concurrent Start) (Metadata GC Threshold) 25M->8M(1024M) 14,647ms
[2023-09-29T13:41:58.633-0400][gc,cpu       ] GC(1) User=0,07s Sys=0,01s Real=0,02s
[2023-09-29T13:41:58.633-0400][gc           ] GC(2) Concurrent Cycle
[2023-09-29T13:41:58.633-0400][gc,marking   ] GC(2) Concurrent Clear Claimed Marks
[2023-09-29T13:41:58.633-0400][gc,marking   ] GC(2) Concurrent Clear Claimed Marks 0,074ms
[2023-09-29T13:41:58.633-0400][gc,marking   ] GC(2) Concurrent Scan Root Regions
[2023-09-29T13:41:58.634-0400][gc,marking   ] GC(2) Concurrent Scan Root Regions 1,250ms
[2023-09-29T13:41:58.634-0400][gc,marking   ] GC(2) Concurrent Mark (3,631s)
[2023-09-29T13:41:58.634-0400][gc,marking   ] GC(2) Concurrent Mark From Roots
[2023-09-29T13:41:58.635-0400][gc,task      ] GC(2) Using 2 workers of 2 for marking
[2023-09-29T13:41:58.642-0400][gc,marking   ] GC(2) Concurrent Mark From Roots 7,766ms
[2023-09-29T13:41:58.642-0400][gc,marking   ] GC(2) Concurrent Preclean
[2023-09-29T13:41:58.642-0400][gc,marking   ] GC(2) Concurrent Preclean 0,146ms
[2023-09-29T13:41:58.643-0400][gc,marking   ] GC(2) Concurrent Mark (3,631s, 3,639s) 8,009ms
[2023-09-29T13:41:58.643-0400][gc,start     ] GC(2) Pause Remark
[2023-09-29T13:41:58.648-0400][gc,stringtable] GC(2) Cleaned string and symbol table, strings: 5007 processed, 0 removed, symbols: 50411 processed, 57 removed
[2023-09-29T13:41:58.648-0400][gc            ] GC(2) Pause Remark 8M->8M(1024M) 5,821ms
[2023-09-29T13:41:58.648-0400][gc,cpu        ] GC(2) User=0,03s Sys=0,00s Real=0,01s
[2023-09-29T13:41:58.649-0400][gc,marking    ] GC(2) Concurrent Rebuild Remembered Sets
[2023-09-29T13:41:58.654-0400][gc,marking    ] GC(2) Concurrent Rebuild Remembered Sets 5,733ms
[2023-09-29T13:41:58.654-0400][gc,start      ] GC(2) Pause Cleanup
[2023-09-29T13:41:58.655-0400][gc            ] GC(2) Pause Cleanup 8M->8M(1024M) 0,329ms
[2023-09-29T13:41:58.655-0400][gc,cpu        ] GC(2) User=0,00s Sys=0,00s Real=0,00s
[2023-09-29T13:41:58.655-0400][gc,marking    ] GC(2) Concurrent Cleanup for Next Mark
[2023-09-29T13:41:58.660-0400][gc,marking    ] GC(2) Concurrent Cleanup for Next Mark 5,370ms
[2023-09-29T13:41:58.660-0400][gc            ] GC(2) Concurrent Cycle 27,149ms
[2023-09-29T13:41:59.845-0400][gc,start      ] GC(3) Pause Young (Normal) (G1 Evacuation Pause)
[2023-09-29T13:41:59.845-0400][gc,task       ] GC(3) Using 8 workers of 8 for evacuation
[2023-09-29T13:41:59.849-0400][gc,phases     ] GC(3)   Pre Evacuate Collection Set: 0,0ms
[2023-09-29T13:41:59.849-0400][gc,phases     ] GC(3)   Evacuate Collection Set: 3,6ms
[2023-09-29T13:41:59.849-0400][gc,phases     ] GC(3)   Post Evacuate Collection Set: 0,4ms
[2023-09-29T13:41:59.849-0400][gc,phases     ] GC(3)   Other: 0,2ms
[2023-09-29T13:41:59.849-0400][gc,heap       ] GC(3) Eden regions: 50->0(46)
[2023-09-29T13:41:59.849-0400][gc,heap       ] GC(3) Survivor regions: 1->5(7)
[2023-09-29T13:41:59.849-0400][gc,heap       ] GC(3) Old regions: 9->9
[2023-09-29T13:41:59.849-0400][gc,heap       ] GC(3) Humongous regions: 129->129
[2023-09-29T13:41:59.849-0400][gc,metaspace  ] GC(3) Metaspace: 29716K(30976K)->29716K(30976K) NonClass: 25846K(26624K)->25846K(26624K) Class: 3869K(4352K)->3869K(4352K)
[2023-09-29T13:41:59.849-0400][gc            ] GC(3) Pause Young (Normal) (G1 Evacuation Pause) 187M->141M(1024M) 4,307ms
[2023-09-29T13:41:59.849-0400][gc,cpu        ] GC(3) User=0,03s Sys=0,00s Real=0,01s
[2023-09-29T13:42:00.355-0400][gc,start      ] GC(4) Pause Young (Concurrent Start) (Metadata GC Threshold)
[2023-09-29T13:42:00.355-0400][gc,task       ] GC(4) Using 8 workers of 8 for evacuation
[2023-09-29T13:42:00.363-0400][gc,phases     ] GC(4)   Pre Evacuate Collection Set: 0,1ms
[2023-09-29T13:42:00.363-0400][gc,phases     ] GC(4)   Evacuate Collection Set: 7,7ms
[2023-09-29T13:42:00.363-0400][gc,phases     ] GC(4)   Post Evacuate Collection Set: 0,4ms
[2023-09-29T13:42:00.363-0400][gc,phases     ] GC(4)   Other: 0,3ms
[2023-09-29T13:42:00.363-0400][gc,heap       ] GC(4) Eden regions: 21->0(49)
[2023-09-29T13:42:00.363-0400][gc,heap       ] GC(4) Survivor regions: 5->2(7)
[2023-09-29T13:42:00.363-0400][gc,heap       ] GC(4) Old regions: 9->14
[2023-09-29T13:42:00.363-0400][gc,heap       ] GC(4) Humongous regions: 129->129
[2023-09-29T13:42:00.363-0400][gc,metaspace  ] GC(4) Metaspace: 34407K(35840K)->34407K(35840K) NonClass: 29954K(30720K)->29954K(30720K) Class: 4452K(5120K)->4452K(5120K)
[2023-09-29T13:42:00.363-0400][gc            ] GC(4) Pause Young (Concurrent Start) (Metadata GC Threshold) 161M->142M(1024M) 8,575ms
[2023-09-29T13:42:00.363-0400][gc,cpu        ] GC(4) User=0,06s Sys=0,01s Real=0,01s
[2023-09-29T13:42:00.363-0400][gc            ] GC(5) Concurrent Cycle
[2023-09-29T13:42:00.363-0400][gc,marking    ] GC(5) Concurrent Clear Claimed Marks
[2023-09-29T13:42:00.363-0400][gc,marking    ] GC(5) Concurrent Clear Claimed Marks 0,061ms
[2023-09-29T13:42:00.363-0400][gc,marking    ] GC(5) Concurrent Scan Root Regions
[2023-09-29T13:42:00.365-0400][gc,marking    ] GC(5) Concurrent Scan Root Regions 1,498ms
[2023-09-29T13:42:00.365-0400][gc,marking    ] GC(5) Concurrent Mark (5,361s)
[2023-09-29T13:42:00.365-0400][gc,marking    ] GC(5) Concurrent Mark From Roots
[2023-09-29T13:42:00.365-0400][gc,task       ] GC(5) Using 2 workers of 2 for marking
[2023-09-29T13:42:00.376-0400][gc,marking    ] GC(5) Concurrent Mark From Roots 11,296ms
[2023-09-29T13:42:00.376-0400][gc,marking    ] GC(5) Concurrent Preclean
[2023-09-29T13:42:00.376-0400][gc,marking    ] GC(5) Concurrent Preclean 0,165ms
[2023-09-29T13:42:00.376-0400][gc,marking    ] GC(5) Concurrent Mark (5,361s, 5,373s) 11,517ms
[2023-09-29T13:42:00.377-0400][gc,start      ] GC(5) Pause Remark
[2023-09-29T13:42:00.389-0400][gc,stringtable] GC(5) Cleaned string and symbol table, strings: 10865 processed, 12 removed, symbols: 82014 processed, 20 removed
[2023-09-29T13:42:00.389-0400][gc            ] GC(5) Pause Remark 142M->142M(1024M) 12,179ms
[2023-09-29T13:42:00.389-0400][gc,cpu        ] GC(5) User=0,08s Sys=0,00s Real=0,02s
[2023-09-29T13:42:00.389-0400][gc,marking    ] GC(5) Concurrent Rebuild Remembered Sets
[2023-09-29T13:42:00.397-0400][gc,marking    ] GC(5) Concurrent Rebuild Remembered Sets 8,622ms
[2023-09-29T13:42:00.411-0400][gc,start      ] GC(5) Pause Cleanup
[2023-09-29T13:42:00.411-0400][gc            ] GC(5) Pause Cleanup 143M->143M(1024M) 0,243ms
[2023-09-29T13:42:00.411-0400][gc,cpu        ] GC(5) User=0,00s Sys=0,00s Real=0,00s
[2023-09-29T13:42:00.411-0400][gc,marking    ] GC(5) Concurrent Cleanup for Next Mark
[2023-09-29T13:42:00.415-0400][gc,marking    ] GC(5) Concurrent Cleanup for Next Mark 4,586ms
[2023-09-29T13:42:00.416-0400][gc            ] GC(5) Concurrent Cycle 52,208ms
[2023-09-29T13:57:49.561-0400][gc,start      ] GC(6) Pause Young (Normal) (G1 Evacuation Pause)
[2023-09-29T13:57:49.561-0400][gc,task       ] GC(6) Using 8 workers of 8 for evacuation
[2023-09-29T13:57:49.565-0400][gc,phases     ] GC(6)   Pre Evacuate Collection Set: 0,0ms
[2023-09-29T13:57:49.565-0400][gc,phases     ] GC(6)   Evacuate Collection Set: 3,3ms
[2023-09-29T13:57:49.565-0400][gc,phases     ] GC(6)   Post Evacuate Collection Set: 0,6ms
[2023-09-29T13:57:49.565-0400][gc,phases     ] GC(6)   Other: 0,2ms
[2023-09-29T13:57:49.565-0400][gc,heap       ] GC(6) Eden regions: 49->0(47)
[2023-09-29T13:57:49.565-0400][gc,heap       ] GC(6) Survivor regions: 2->4(7)
[2023-09-29T13:57:49.565-0400][gc,heap       ] GC(6) Old regions: 14->14
[2023-09-29T13:57:49.565-0400][gc,heap       ] GC(6) Humongous regions: 129->129
[2023-09-29T13:57:49.565-0400][gc,metaspace  ] GC(6) Metaspace: 41210K(43776K)->41210K(43776K) NonClass: 35562K(36864K)->35562K(36864K) Class: 5648K(6912K)->5648K(6912K)
[2023-09-29T13:57:49.565-0400][gc            ] GC(6) Pause Young (Normal) (G1 Evacuation Pause) 191M->144M(1024M) 4,281ms
[2023-09-29T13:57:49.565-0400][gc,cpu        ] GC(6) User=0,03s Sys=0,00s Real=0,00s
[2023-09-29T14:51:54.695-0400][gc,start      ] GC(7) Pause Young (Normal) (G1 Evacuation Pause)
[2023-09-29T14:51:54.695-0400][gc,task       ] GC(7) Using 8 workers of 8 for evacuation
[2023-09-29T14:51:54.700-0400][gc,phases     ] GC(7)   Pre Evacuate Collection Set: 0,0ms
[2023-09-29T14:51:54.700-0400][gc,phases     ] GC(7)   Evacuate Collection Set: 4,1ms
[2023-09-29T14:51:54.700-0400][gc,phases     ] GC(7)   Post Evacuate Collection Set: 1,0ms
[2023-09-29T14:51:54.700-0400][gc,phases     ] GC(7)   Other: 0,3ms
[2023-09-29T14:51:54.700-0400][gc,heap       ] GC(7) Eden regions: 47->0(47)
[2023-09-29T14:51:54.700-0400][gc,heap       ] GC(7) Survivor regions: 4->4(7)
[2023-09-29T14:51:54.700-0400][gc,heap       ] GC(7) Old regions: 14->14
[2023-09-29T14:51:54.700-0400][gc,heap       ] GC(7) Humongous regions: 129->129
[2023-09-29T14:51:54.700-0400][gc,metaspace  ] GC(7) Metaspace: 41685K(44288K)->41685K(44288K) NonClass: 36020K(37376K)->36020K(37376K) Class: 5664K(6912K)->5664K(6912K)
[2023-09-29T14:51:54.701-0400][gc            ] GC(7) Pause Young (Normal) (G1 Evacuation Pause) 191M->144M(1024M) 5,517ms
[2023-09-29T14:51:54.701-0400][gc,cpu        ] GC(7) User=0,03s Sys=0,00s Real=0,01s
