[2023-09-28T16:20:31.928-0400][gc,heap] Heap region size: 1M
[2023-09-28T16:20:31.936-0400][gc     ] Using G1
[2023-09-28T16:20:31.936-0400][gc,heap,coops] Heap address: 0x00000000c0000000, size: 1024 MB, Compressed Oops mode: 32-bit
[2023-09-28T16:20:31.937-0400][gc,cds       ] Mark closed archive regions in map: [0x00000000fff00000, 0x00000000fff6bff8]
[2023-09-28T16:20:31.937-0400][gc,cds       ] Mark open archive regions in map: [0x00000000ffe00000, 0x00000000ffe47ff8]
[2023-09-28T16:20:33.451-0400][gc,start     ] GC(0) Pause Young (Normal) (G1 Evacuation Pause)
[2023-09-28T16:20:33.452-0400][gc,task      ] GC(0) Using 8 workers of 8 for evacuation
[2023-09-28T16:20:33.459-0400][gc,phases    ] GC(0)   Pre Evacuate Collection Set: 0,0ms
[2023-09-28T16:20:33.459-0400][gc,phases    ] GC(0)   Evacuate Collection Set: 6,4ms
[2023-09-28T16:20:33.459-0400][gc,phases    ] GC(0)   Post Evacuate Collection Set: 0,5ms
[2023-09-28T16:20:33.459-0400][gc,phases    ] GC(0)   Other: 0,7ms
[2023-09-28T16:20:33.459-0400][gc,heap      ] GC(0) Eden regions: 51->0(44)
[2023-09-28T16:20:33.459-0400][gc,heap      ] GC(0) Survivor regions: 0->7(7)
[2023-09-28T16:20:33.459-0400][gc,heap      ] GC(0) Old regions: 2->2
[2023-09-28T16:20:33.459-0400][gc,heap      ] GC(0) Humongous regions: 0->0
[2023-09-28T16:20:33.459-0400][gc,metaspace ] GC(0) Metaspace: 15762K(16512K)->15762K(16512K) NonClass: 13622K(14080K)->13622K(14080K) Class: 2139K(2432K)->2139K(2432K)
[2023-09-28T16:20:33.459-0400][gc           ] GC(0) Pause Young (Normal) (G1 Evacuation Pause) 51M->7M(1024M) 7,626ms
[2023-09-28T16:20:33.459-0400][gc,cpu       ] GC(0) User=0,05s Sys=0,01s Real=0,01s
[2023-09-28T16:20:33.839-0400][gc,start     ] GC(1) Pause Young (Concurrent Start) (Metadata GC Threshold)
[2023-09-28T16:20:33.839-0400][gc,task      ] GC(1) Using 8 workers of 8 for evacuation
[2023-09-28T16:20:33.850-0400][gc,phases    ] GC(1)   Pre Evacuate Collection Set: 0,1ms
[2023-09-28T16:20:33.850-0400][gc,phases    ] GC(1)   Evacuate Collection Set: 9,5ms
[2023-09-28T16:20:33.850-0400][gc,phases    ] GC(1)   Post Evacuate Collection Set: 0,4ms
[2023-09-28T16:20:33.850-0400][gc,phases    ] GC(1)   Other: 0,2ms
[2023-09-28T16:20:33.850-0400][gc,heap      ] GC(1) Eden regions: 19->0(49)
[2023-09-28T16:20:33.850-0400][gc,heap      ] GC(1) Survivor regions: 7->2(7)
[2023-09-28T16:20:33.850-0400][gc,heap      ] GC(1) Old regions: 2->9
[2023-09-28T16:20:33.850-0400][gc,heap      ] GC(1) Humongous regions: 0->0
[2023-09-28T16:20:33.850-0400][gc,metaspace ] GC(1) Metaspace: 20617K(21248K)->20617K(21248K) NonClass: 17803K(18176K)->17803K(18176K) Class: 2813K(3072K)->2813K(3072K)
[2023-09-28T16:20:33.850-0400][gc           ] GC(1) Pause Young (Concurrent Start) (Metadata GC Threshold) 26M->8M(1024M) 10,276ms
[2023-09-28T16:20:33.850-0400][gc,cpu       ] GC(1) User=0,05s Sys=0,00s Real=0,01s
[2023-09-28T16:20:33.850-0400][gc           ] GC(2) Concurrent Cycle
[2023-09-28T16:20:33.850-0400][gc,marking   ] GC(2) Concurrent Clear Claimed Marks
[2023-09-28T16:20:33.850-0400][gc,marking   ] GC(2) Concurrent Clear Claimed Marks 0,080ms
[2023-09-28T16:20:33.850-0400][gc,marking   ] GC(2) Concurrent Scan Root Regions
[2023-09-28T16:20:33.851-0400][gc,marking   ] GC(2) Concurrent Scan Root Regions 1,085ms
[2023-09-28T16:20:33.851-0400][gc,marking   ] GC(2) Concurrent Mark (1,926s)
[2023-09-28T16:20:33.851-0400][gc,marking   ] GC(2) Concurrent Mark From Roots
[2023-09-28T16:20:33.851-0400][gc,task      ] GC(2) Using 2 workers of 2 for marking
[2023-09-28T16:20:33.856-0400][gc,marking   ] GC(2) Concurrent Mark From Roots 5,292ms
[2023-09-28T16:20:33.856-0400][gc,marking   ] GC(2) Concurrent Preclean
[2023-09-28T16:20:33.857-0400][gc,marking   ] GC(2) Concurrent Preclean 0,187ms
[2023-09-28T16:20:33.857-0400][gc,marking   ] GC(2) Concurrent Mark (1,926s, 1,931s) 5,560ms
[2023-09-28T16:20:33.857-0400][gc,start     ] GC(2) Pause Remark
[2023-09-28T16:20:33.858-0400][gc,stringtable] GC(2) Cleaned string and symbol table, strings: 5025 processed, 0 removed, symbols: 50738 processed, 58 removed
[2023-09-28T16:20:33.859-0400][gc            ] GC(2) Pause Remark 8M->8M(1024M) 1,884ms
[2023-09-28T16:20:33.859-0400][gc,cpu        ] GC(2) User=0,01s Sys=0,00s Real=0,00s
[2023-09-28T16:20:33.859-0400][gc,marking    ] GC(2) Concurrent Rebuild Remembered Sets
[2023-09-28T16:20:33.862-0400][gc,marking    ] GC(2) Concurrent Rebuild Remembered Sets 3,114ms
[2023-09-28T16:20:33.872-0400][gc,start      ] GC(2) Pause Cleanup
[2023-09-28T16:20:33.872-0400][gc            ] GC(2) Pause Cleanup 9M->9M(1024M) 0,216ms
[2023-09-28T16:20:33.872-0400][gc,cpu        ] GC(2) User=0,00s Sys=0,00s Real=0,00s
[2023-09-28T16:20:33.872-0400][gc,marking    ] GC(2) Concurrent Cleanup for Next Mark
[2023-09-28T16:20:33.875-0400][gc,marking    ] GC(2) Concurrent Cleanup for Next Mark 3,339ms
[2023-09-28T16:20:33.875-0400][gc            ] GC(2) Concurrent Cycle 25,502ms
[2023-09-28T16:20:34.620-0400][gc,start      ] GC(3) Pause Young (Normal) (G1 Evacuation Pause)
[2023-09-28T16:20:34.620-0400][gc,task       ] GC(3) Using 8 workers of 8 for evacuation
[2023-09-28T16:20:34.626-0400][gc,phases     ] GC(3)   Pre Evacuate Collection Set: 0,0ms
[2023-09-28T16:20:34.626-0400][gc,phases     ] GC(3)   Evacuate Collection Set: 5,1ms
[2023-09-28T16:20:34.626-0400][gc,phases     ] GC(3)   Post Evacuate Collection Set: 0,4ms
[2023-09-28T16:20:34.626-0400][gc,phases     ] GC(3)   Other: 0,1ms
[2023-09-28T16:20:34.626-0400][gc,heap       ] GC(3) Eden regions: 49->0(46)
[2023-09-28T16:20:34.626-0400][gc,heap       ] GC(3) Survivor regions: 2->5(7)
[2023-09-28T16:20:34.626-0400][gc,heap       ] GC(3) Old regions: 9->9
[2023-09-28T16:20:34.626-0400][gc,heap       ] GC(3) Humongous regions: 129->129
[2023-09-28T16:20:34.626-0400][gc,metaspace  ] GC(3) Metaspace: 29394K(30716K)->29394K(30716K) NonClass: 25580K(26368K)->25580K(26368K) Class: 3814K(4348K)->3814K(4348K)
[2023-09-28T16:20:34.626-0400][gc            ] GC(3) Pause Young (Normal) (G1 Evacuation Pause) 186M->140M(1024M) 5,701ms
[2023-09-28T16:20:34.626-0400][gc,cpu        ] GC(3) User=0,03s Sys=0,01s Real=0,01s
[2023-09-28T16:20:35.080-0400][gc,start      ] GC(4) Pause Young (Concurrent Start) (Metadata GC Threshold)
[2023-09-28T16:20:35.080-0400][gc,task       ] GC(4) Using 8 workers of 8 for evacuation
[2023-09-28T16:20:35.086-0400][gc,phases     ] GC(4)   Pre Evacuate Collection Set: 0,1ms
[2023-09-28T16:20:35.086-0400][gc,phases     ] GC(4)   Evacuate Collection Set: 5,7ms
[2023-09-28T16:20:35.086-0400][gc,phases     ] GC(4)   Post Evacuate Collection Set: 0,3ms
[2023-09-28T16:20:35.086-0400][gc,phases     ] GC(4)   Other: 0,2ms
[2023-09-28T16:20:35.086-0400][gc,heap       ] GC(4) Eden regions: 23->0(49)
[2023-09-28T16:20:35.086-0400][gc,heap       ] GC(4) Survivor regions: 5->2(7)
[2023-09-28T16:20:35.086-0400][gc,heap       ] GC(4) Old regions: 9->13
[2023-09-28T16:20:35.086-0400][gc,heap       ] GC(4) Humongous regions: 129->129
[2023-09-28T16:20:35.086-0400][gc,metaspace  ] GC(4) Metaspace: 34559K(36048K)->34559K(36048K) NonClass: 30091K(30932K)->30091K(30932K) Class: 4467K(5116K)->4467K(5116K)
[2023-09-28T16:20:35.086-0400][gc            ] GC(4) Pause Young (Concurrent Start) (Metadata GC Threshold) 162M->142M(1024M) 6,444ms
[2023-09-28T16:20:35.086-0400][gc,cpu        ] GC(4) User=0,03s Sys=0,01s Real=0,01s
[2023-09-28T16:20:35.086-0400][gc            ] GC(5) Concurrent Cycle
[2023-09-28T16:20:35.086-0400][gc,marking    ] GC(5) Concurrent Clear Claimed Marks
[2023-09-28T16:20:35.086-0400][gc,marking    ] GC(5) Concurrent Clear Claimed Marks 0,049ms
[2023-09-28T16:20:35.086-0400][gc,marking    ] GC(5) Concurrent Scan Root Regions
[2023-09-28T16:20:35.088-0400][gc,marking    ] GC(5) Concurrent Scan Root Regions 1,584ms
[2023-09-28T16:20:35.088-0400][gc,marking    ] GC(5) Concurrent Mark (3,163s)
[2023-09-28T16:20:35.088-0400][gc,marking    ] GC(5) Concurrent Mark From Roots
[2023-09-28T16:20:35.088-0400][gc,task       ] GC(5) Using 2 workers of 2 for marking
[2023-09-28T16:20:35.107-0400][gc,marking    ] GC(5) Concurrent Mark From Roots 19,159ms
[2023-09-28T16:20:35.107-0400][gc,marking    ] GC(5) Concurrent Preclean
[2023-09-28T16:20:35.107-0400][gc,marking    ] GC(5) Concurrent Preclean 0,132ms
[2023-09-28T16:20:35.107-0400][gc,marking    ] GC(5) Concurrent Mark (3,163s, 3,182s) 19,329ms
[2023-09-28T16:20:35.107-0400][gc,start      ] GC(5) Pause Remark
[2023-09-28T16:20:35.109-0400][gc,stringtable] GC(5) Cleaned string and symbol table, strings: 10830 processed, 13 removed, symbols: 82717 processed, 17 removed
[2023-09-28T16:20:35.110-0400][gc            ] GC(5) Pause Remark 144M->144M(1024M) 2,079ms
[2023-09-28T16:20:35.110-0400][gc,cpu        ] GC(5) User=0,01s Sys=0,00s Real=0,00s
[2023-09-28T16:20:35.110-0400][gc,marking    ] GC(5) Concurrent Rebuild Remembered Sets
[2023-09-28T16:20:35.116-0400][gc,marking    ] GC(5) Concurrent Rebuild Remembered Sets 6,577ms
[2023-09-28T16:20:35.116-0400][gc,start      ] GC(5) Pause Cleanup
[2023-09-28T16:20:35.116-0400][gc            ] GC(5) Pause Cleanup 145M->145M(1024M) 0,159ms
[2023-09-28T16:20:35.116-0400][gc,cpu        ] GC(5) User=0,00s Sys=0,00s Real=0,00s
[2023-09-28T16:20:35.116-0400][gc,marking    ] GC(5) Concurrent Cleanup for Next Mark
[2023-09-28T16:20:35.120-0400][gc,marking    ] GC(5) Concurrent Cleanup for Next Mark 3,557ms
[2023-09-28T16:20:35.120-0400][gc            ] GC(5) Concurrent Cycle 33,758ms
[2023-09-28T16:23:29.360-0400][gc,start      ] GC(6) Pause Young (Concurrent Start) (G1 Evacuation Pause)
[2023-09-28T16:23:29.360-0400][gc,task       ] GC(6) Using 8 workers of 8 for evacuation
[2023-09-28T16:23:29.367-0400][gc,phases     ] GC(6)   Pre Evacuate Collection Set: 0,3ms
[2023-09-28T16:23:29.367-0400][gc,phases     ] GC(6)   Evacuate Collection Set: 5,7ms
[2023-09-28T16:23:29.367-0400][gc,phases     ] GC(6)   Post Evacuate Collection Set: 0,9ms
[2023-09-28T16:23:29.367-0400][gc,phases     ] GC(6)   Other: 0,4ms
[2023-09-28T16:23:29.367-0400][gc,heap       ] GC(6) Eden regions: 49->0(46)
[2023-09-28T16:23:29.367-0400][gc,heap       ] GC(6) Survivor regions: 2->5(7)
[2023-09-28T16:23:29.367-0400][gc,heap       ] GC(6) Old regions: 13->13
[2023-09-28T16:23:29.367-0400][gc,heap       ] GC(6) Humongous regions: 129->129
[2023-09-28T16:23:29.367-0400][gc,metaspace  ] GC(6) Metaspace: 41792K(44284K)->41792K(44284K) NonClass: 35892K(37120K)->35892K(37120K) Class: 5899K(7164K)->5899K(7164K)
[2023-09-28T16:23:29.367-0400][gc            ] GC(6) Pause Young (Concurrent Start) (G1 Evacuation Pause) 191M->144M(1024M) 7,426ms
[2023-09-28T16:23:29.367-0400][gc,cpu        ] GC(6) User=0,05s Sys=0,00s Real=0,01s
[2023-09-28T16:23:29.367-0400][gc            ] GC(7) Concurrent Cycle
[2023-09-28T16:23:29.367-0400][gc,marking    ] GC(7) Concurrent Clear Claimed Marks
[2023-09-28T16:23:29.367-0400][gc,marking    ] GC(7) Concurrent Clear Claimed Marks 0,321ms
[2023-09-28T16:23:29.367-0400][gc,marking    ] GC(7) Concurrent Scan Root Regions
[2023-09-28T16:23:29.371-0400][gc,marking    ] GC(7) Concurrent Scan Root Regions 3,987ms
[2023-09-28T16:23:29.371-0400][gc,marking    ] GC(7) Concurrent Mark (177,446s)
[2023-09-28T16:23:29.371-0400][gc,marking    ] GC(7) Concurrent Mark From Roots
[2023-09-28T16:23:29.371-0400][gc,task       ] GC(7) Using 2 workers of 2 for marking
[2023-09-28T16:23:29.381-0400][gc,marking    ] GC(7) Concurrent Mark From Roots 9,246ms
[2023-09-28T16:23:29.381-0400][gc,marking    ] GC(7) Concurrent Preclean
[2023-09-28T16:23:29.381-0400][gc,marking    ] GC(7) Concurrent Preclean 0,109ms
[2023-09-28T16:23:29.381-0400][gc,marking    ] GC(7) Concurrent Mark (177,446s, 177,455s) 9,405ms
[2023-09-28T16:23:29.381-0400][gc,start      ] GC(7) Pause Remark
[2023-09-28T16:23:29.384-0400][gc,stringtable] GC(7) Cleaned string and symbol table, strings: 12235 processed, 3 removed, symbols: 89550 processed, 5 removed
[2023-09-28T16:23:29.384-0400][gc            ] GC(7) Pause Remark 145M->145M(1024M) 2,967ms
[2023-09-28T16:23:29.384-0400][gc,cpu        ] GC(7) User=0,02s Sys=0,00s Real=0,01s
[2023-09-28T16:23:29.384-0400][gc,marking    ] GC(7) Concurrent Rebuild Remembered Sets
[2023-09-28T16:23:29.389-0400][gc,marking    ] GC(7) Concurrent Rebuild Remembered Sets 4,757ms
[2023-09-28T16:23:29.389-0400][gc,start      ] GC(7) Pause Cleanup
[2023-09-28T16:23:29.389-0400][gc            ] GC(7) Pause Cleanup 145M->145M(1024M) 0,186ms
[2023-09-28T16:23:29.389-0400][gc,cpu        ] GC(7) User=0,00s Sys=0,00s Real=0,00s
[2023-09-28T16:23:29.389-0400][gc,marking    ] GC(7) Concurrent Cleanup for Next Mark
[2023-09-28T16:23:29.391-0400][gc,marking    ] GC(7) Concurrent Cleanup for Next Mark 1,447ms
[2023-09-28T16:23:29.391-0400][gc            ] GC(7) Concurrent Cycle 23,792ms
[2023-09-28T16:23:54.927-0400][gc,heap,exit  ] Heap
[2023-09-28T16:23:54.927-0400][gc,heap,exit  ]  garbage-first heap   total 1048576K, used 160718K [0x00000000c0000000, 0x0000000100000000)
[2023-09-28T16:23:54.927-0400][gc,heap,exit  ]   region size 1024K, 18 young (18432K), 5 survivors (5120K)
[2023-09-28T16:23:54.927-0400][gc,heap,exit  ]  Metaspace       used 42881K, capacity 45628K, committed 45692K, reserved 1087488K
[2023-09-28T16:23:54.927-0400][gc,heap,exit  ]   class space    used 6158K, capacity 7534K, committed 7548K, reserved 1048576K
