[2023-09-28T16:17:54.100-0400][gc,heap] Heap region size: 1M
[2023-09-28T16:17:54.104-0400][gc     ] Using G1
[2023-09-28T16:17:54.104-0400][gc,heap,coops] Heap address: 0x00000000e0000000, size: 512 MB, Compressed Oops mode: 32-bit
[2023-09-28T16:17:54.104-0400][gc,cds       ] Mark closed archive regions in map: [0x00000000fff00000, 0x00000000fff6bff8]
[2023-09-28T16:17:54.104-0400][gc,cds       ] Mark open archive regions in map: [0x00000000ffe00000, 0x00000000ffe47ff8]
[2023-09-28T16:20:33.182-0400][gc,start     ] GC(0) Pause Young (Normal) (G1 Evacuation Pause)
[2023-09-28T16:20:33.183-0400][gc,task      ] GC(0) Using 8 workers of 8 for evacuation
[2023-09-28T16:20:33.192-0400][gc,phases    ] GC(0)   Pre Evacuate Collection Set: 0,0ms
[2023-09-28T16:20:33.192-0400][gc,phases    ] GC(0)   Evacuate Collection Set: 8,4ms
[2023-09-28T16:20:33.192-0400][gc,phases    ] GC(0)   Post Evacuate Collection Set: 0,3ms
[2023-09-28T16:20:33.192-0400][gc,phases    ] GC(0)   Other: 0,6ms
[2023-09-28T16:20:33.192-0400][gc,heap      ] GC(0) Eden regions: 25->0(21)
[2023-09-28T16:20:33.192-0400][gc,heap      ] GC(0) Survivor regions: 0->4(4)
[2023-09-28T16:20:33.192-0400][gc,heap      ] GC(0) Old regions: 2->4
[2023-09-28T16:20:33.192-0400][gc,heap      ] GC(0) Humongous regions: 0->0
[2023-09-28T16:20:33.192-0400][gc,metaspace ] GC(0) Metaspace: 7598K(8192K)->7598K(8192K) NonClass: 6738K(7168K)->6738K(7168K) Class: 860K(1024K)->860K(1024K)
[2023-09-28T16:20:33.192-0400][gc           ] GC(0) Pause Young (Normal) (G1 Evacuation Pause) 25M->6M(512M) 9,297ms
[2023-09-28T16:20:33.192-0400][gc,cpu       ] GC(0) User=0,06s Sys=0,00s Real=0,01s
[2023-09-28T16:23:58.520-0400][gc,heap,exit ] Heap
[2023-09-28T16:23:58.520-0400][gc,heap,exit ]  garbage-first heap   total 524288K, used 13450K [0x00000000e0000000, 0x0000000100000000)
[2023-09-28T16:23:58.520-0400][gc,heap,exit ]   region size 1024K, 12 young (12288K), 4 survivors (4096K)
[2023-09-28T16:23:58.520-0400][gc,heap,exit ]  Metaspace       used 8249K, capacity 8588K, committed 8704K, reserved 1056768K
[2023-09-28T16:23:58.520-0400][gc,heap,exit ]   class space    used 894K, capacity 1014K, committed 1024K, reserved 1048576K
