[2023-09-29T13:40:41.226-0400][gc,heap] Heap region size: 1M
[2023-09-29T13:40:41.235-0400][gc     ] Using G1
[2023-09-29T13:40:41.235-0400][gc,heap,coops] Heap address: 0x00000000e0000000, size: 512 MB, Compressed Oops mode: 32-bit
[2023-09-29T13:40:41.235-0400][gc,cds       ] Mark closed archive regions in map: [0x00000000fff00000, 0x00000000fff6bff8]
[2023-09-29T13:40:41.235-0400][gc,cds       ] Mark open archive regions in map: [0x00000000ffe00000, 0x00000000ffe47ff8]
[2023-09-29T13:41:57.415-0400][gc,start     ] GC(0) Pause Young (Normal) (G1 Evacuation Pause)
[2023-09-29T13:41:57.416-0400][gc,task      ] GC(0) Using 8 workers of 8 for evacuation
[2023-09-29T13:41:57.423-0400][gc,phases    ] GC(0)   Pre Evacuate Collection Set: 0,0ms
[2023-09-29T13:41:57.423-0400][gc,phases    ] GC(0)   Evacuate Collection Set: 7,0ms
[2023-09-29T13:41:57.423-0400][gc,phases    ] GC(0)   Post Evacuate Collection Set: 0,2ms
[2023-09-29T13:41:57.423-0400][gc,phases    ] GC(0)   Other: 0,8ms
[2023-09-29T13:41:57.423-0400][gc,heap      ] GC(0) Eden regions: 25->0(21)
[2023-09-29T13:41:57.423-0400][gc,heap      ] GC(0) Survivor regions: 0->4(4)
[2023-09-29T13:41:57.423-0400][gc,heap      ] GC(0) Old regions: 2->4
[2023-09-29T13:41:57.423-0400][gc,heap      ] GC(0) Humongous regions: 0->0
[2023-09-29T13:41:57.423-0400][gc,metaspace ] GC(0) Metaspace: 7653K(8192K)->7653K(8192K) NonClass: 6793K(7168K)->6793K(7168K) Class: 859K(1024K)->859K(1024K)
[2023-09-29T13:41:57.423-0400][gc           ] GC(0) Pause Young (Normal) (G1 Evacuation Pause) 25M->5M(512M) 8,084ms
[2023-09-29T13:41:57.423-0400][gc,cpu       ] GC(0) User=0,04s Sys=0,01s Real=0,01s
[2023-10-01T12:38:13.508-0400][gc,heap,exit ] Heap
[2023-10-01T12:38:13.508-0400][gc,heap,exit ]  garbage-first heap   total 524288K, used 15354K [0x00000000e0000000, 0x0000000100000000)
[2023-10-01T12:38:13.508-0400][gc,heap,exit ]   region size 1024K, 14 young (14336K), 4 survivors (4096K)
[2023-10-01T12:38:13.508-0400][gc,heap,exit ]  Metaspace       used 8408K, capacity 8769K, committed 8960K, reserved 1056768K
[2023-10-01T12:38:13.508-0400][gc,heap,exit ]   class space    used 893K, capacity 1014K, committed 1024K, reserved 1048576K
